[FORBIDDEN] unit_action_assignment source/match/hud/CommandVisualizer.gd:76 print("[VIS] order action=%s source=%s units=%s target=%s" % [
[FORBIDDEN] unit_action_assignment source/match/hud/ra3/Ra3Sidebar.gd:759 var action = unit.get("action")
[FORBIDDEN] legacy_resource_state_assignment source/match/Match.gd:390 player.resource_a = 50000
[FORBIDDEN] legacy_resource_state_assignment source/match/Match.gd:391 player.resource_b = 50000
[FORBIDDEN] legacy_resource_state_assignment source/match/Match.gd:396 player.resource_a = 150
[FORBIDDEN] unit_action_assignment source/match/players/human/UnitActionsController.gd:1090 var action = unit.action
[FORBIDDEN] unit_action_assignment source/match/units/APC.gd:9 action = WaitingForTargets.new()
[FORBIDDEN] unit_action_assignment source/match/units/APC.gd:14 action = WaitingForTargets.new()
[FORBIDDEN] unit_action_assignment source/match/units/HeavyTank.gd:9 action = WaitingForTargets.new()
[FORBIDDEN] unit_action_assignment source/match/units/HeavyTank.gd:14 action = WaitingForTargets.new()
[FORBIDDEN] unit_action_assignment source/match/units/Infantry.gd:9 action = WaitingForTargets.new()
[FORBIDDEN] unit_action_assignment source/match/units/Infantry.gd:14 action = WaitingForTargets.new()
[FORBIDDEN] unit_action_assignment source/match/units/MachineGunTurret.gd:12 action = WaitingForTargets.new()
[FORBIDDEN] unit_action_assignment source/match/units/Rocketeer.gd:9 action = WaitingForTargets.new()
[FORBIDDEN] unit_action_assignment source/match/units/Rocketeer.gd:14 action = WaitingForTargets.new()
[FORBIDDEN] unit_action_assignment source/match/units/Sniper.gd:9 action = WaitingForTargets.new()
[FORBIDDEN] unit_action_assignment source/match/units/Sniper.gd:14 action = WaitingForTargets.new()
[FORBIDDEN] unit_hp_assignment source/match/units/Structure.gd:81 hp = 0
[FORBIDDEN] unit_action_assignment source/match/units/traits/CargoHold.gd:56 unit.action = null
[FORBIDDEN] unit_action_assignment source/match/units/traits/CargoHold.gd:94 var action = _transport.action
[FORBIDDEN] unit_hp_assignment source/match/units/traits/CargoHold.gd:136 unit.hp = 0
[FORBIDDEN] unit_action_assignment source/match/units/TransportTruck.gd:9 action = WaitingForTargets.new()
[FORBIDDEN] unit_action_assignment source/match/units/TransportTruck.gd:14 action = WaitingForTargets.new()
[FORBIDDEN] unit_action_assignment source/net/DebugControlServer.gd:1921 action = str(translation["action"])
[FORBIDDEN] unit_hp_assignment source/net/NetSync.gd:409 unit.hp = float(item["hp"])
[FORBIDDEN] unit_hp_assignment source/net/NetSync.gd:958 unit.hp = float(hp)
[FORBIDDEN] legacy_resource_state_assignment source/net/SmokeClient.gd:264 _log("SMOKE_SUITE GATHER=PASS (resource_a=%d, %ds)" % [
[FORBIDDEN] legacy_resource_state_assignment source/net/SmokeClient.gd:274 _log("SMOKE_SUITE GATHER=采矿中 %ds, resource_a=%s 工人位置=%s" % [
[FORBIDDEN] unit_action_assignment source/ui/AdjutantButton.gd:746 action = "累计下发：%s" % str(parsed.get("sent", ""))
[FORBIDDEN] unit_action_assignment source/ui/AdjutantButton.gd:1128 action = _match_action(lower, text)
