[RUN ] core-engine-boundary-audit
[PASS] core-engine-boundary-audit (2.0s)
[RUN ] legacy-authority-audit
[FAIL] legacy-authority-audit: Exit code was 1; Expected marker was missing: Legacy GDScript authority audit passed:
Godot console: G:\AIRTS\godot_mono_471\Godot_v4.7.1-stable_mono_win64\Godot_v4.7.1-stable_mono_win64_console.exe
[RUN ] adjutant-command-protocol
[FAIL] adjutant-command-protocol: Forbidden output matched: SCRIPT ERROR; Forbidden output matched: RID allocations of type .* were leaked at exit; Forbidden output matched: ObjectDB instances were leaked at exit; Forbidden output matched: resources still in use at exit
[RUN ] adjutant-credential
[PASS] adjutant-credential (4.8s)
[RUN ] adjutant-observation
[FAIL] adjutant-observation: Forbidden output matched: SCRIPT ERROR
[RUN ] adjutant-rules-export
[FAIL] adjutant-rules-export: Exit code was 1; Expected marker was missing: Adjutant rules export smoke test completed: 0 failure(s); Forbidden output matched: Assertion failed; Forbidden output matched: RID allocations of type .* were leaked at exit; Forbidden output matched: ObjectDB instances were leaked at exit; Forbidden output matched: resources still in use at exit
[RUN ] air-entity-move
[FAIL] air-entity-move: Timed out after 90 seconds; Expected marker was missing: Air entity move smoke test completed: 0 failure(s); Forbidden output matched: SCRIPT ERROR
[RUN ] attack-simulation-time
[FAIL] attack-simulation-time: Forbidden output matched: SCRIPT ERROR; Forbidden output matched: ObjectDB instances were leaked at exit; Forbidden output matched: resources still in use at exit
[RUN ] background-music
[FAIL] background-music: Exit code was 1; Expected marker was missing: Background music smoke test completed: 0 failure(s); Forbidden output matched: SCRIPT ERROR; Forbidden output matched: Assertion failed; Forbidden output matched: RID allocations of type .* were leaked at exit; Forbidden output matched: ObjectDB instances were leaked at exit; Forbidden output matched: resources still in use at exit
[RUN ] balance-config-runtime
[PASS] balance-config-runtime (5.0s)
[RUN ] battlefield-event-camera
[FAIL] battlefield-event-camera: Forbidden output matched: SCRIPT ERROR; Forbidden output matched: Parse Error; Forbidden output matched: Failed to load script
[RUN ] building-occlusion-fade
[FAIL] building-occlusion-fade: Forbidden output matched: SCRIPT ERROR; Forbidden output matched: Parse Error; Forbidden output matched: Failed to load script
[RUN ] combat-sfx
[FAIL] combat-sfx: Forbidden output matched: SCRIPT ERROR; Forbidden output matched: Parse Error; Forbidden output matched: Failed to load script; Forbidden output matched: RID allocations of type .* were leaked at exit; Forbidden output matched: ObjectDB instances were leaked at exit; Forbidden output matched: resources still in use at exit
[RUN ] command-center-worker-production
[FAIL] command-center-worker-production: Forbidden output matched: SCRIPT ERROR; Forbidden output matched: Parse Error; Forbidden output matched: Failed to load script; Forbidden output matched: Assertion failed; Forbidden output matched: RID allocations of type .* were leaked at exit; Forbidden output matched: ObjectDB instances were leaked at exit; Forbidden output matched: resources still in use at exit
[RUN ] control-groups
[FAIL] control-groups: Forbidden output matched: SCRIPT ERROR; Forbidden output matched: Parse Error; Forbidden output matched: Failed to load script
[RUN ] csharp-command
[PASS] csharp-command (4.9s)
[RUN ] death-cleanup
[PASS] death-cleanup (8.9s)
[RUN ] economy-account
[FAIL] economy-account: Forbidden output matched: SCRIPT ERROR; Forbidden output matched: RID allocations of type .* were leaked at exit; Forbidden output matched: ObjectDB instances were leaked at exit; Forbidden output matched: resources still in use at exit
[RUN ] enemy-health-bar
[FAIL] enemy-health-bar: Forbidden output matched: SCRIPT ERROR; Forbidden output matched: RID allocations of type .* were leaked at exit; Forbidden output matched: ObjectDB instances were leaked at exit; Forbidden output matched: resources still in use at exit
[RUN ] entity-force-move
[FAIL] entity-force-move: Forbidden output matched: SCRIPT ERROR; Forbidden output matched: ObjectDB instances were leaked at exit; Forbidden output matched: resources still in use at exit
[RUN ] esc-return
[FAIL] esc-return: Forbidden output matched: SCRIPT ERROR; Forbidden output matched: RID allocations of type .* were leaked at exit; Forbidden output matched: ObjectDB instances were leaked at exit; Forbidden output matched: resources still in use at exit
[RUN ] force-attack-friendly
[FAIL] force-attack-friendly: Forbidden output matched: SCRIPT ERROR; Forbidden output matched: RID allocations of type .* were leaked at exit; Forbidden output matched: ObjectDB instances were leaked at exit; Forbidden output matched: resources still in use at exit
[RUN ] health-bar-flicker
[FAIL] health-bar-flicker: Forbidden output matched: SCRIPT ERROR; Forbidden output matched: RID allocations of type .* were leaked at exit; Forbidden output matched: ObjectDB instances were leaked at exit; Forbidden output matched: resources still in use at exit
[RUN ] helicopter-command
[FAIL] helicopter-command: Exit code was 1; Expected marker was missing: Helicopter command smoke test completed: 0 failure(s); Forbidden output matched: SCRIPT ERROR; Forbidden output matched: Parse Error; Forbidden output matched: Failed to load script; Forbidden output matched: Assertion failed; Forbidden output matched: RID allocations of type .* were leaked at exit
[RUN ] infantry-anim-clips
[PASS] infantry-anim-clips (4.8s)
[RUN ] infantry-anim-driver
[FAIL] infantry-anim-driver: Timed out after 150 seconds; Expected marker was missing: InfantryAnimDriverSmokeTest completed: 0 failure(s); Forbidden output matched: SCRIPT ERROR; Forbidden output matched: Parse Error; Forbidden output matched: Failed to load script
[RUN ] infantry-queue
[FAIL] infantry-queue: Expected marker was missing: Infantry queue smoke test completed: 0 failure(s); Forbidden output matched: SCRIPT ERROR; Forbidden output matched: RID allocations of type .* were leaked at exit; Forbidden output matched: ObjectDB instances were leaked at exit; Forbidden output matched: resources still in use at exit
[RUN ] keyboard-shortcuts
[FAIL] keyboard-shortcuts: Forbidden output matched: SCRIPT ERROR; Forbidden output matched: RID allocations of type .* were leaked at exit; Forbidden output matched: ObjectDB instances were leaked at exit; Forbidden output matched: resources still in use at exit
[RUN ] legacy-hud-visibility
[FAIL] legacy-hud-visibility: Exit code was 1; Expected marker was missing: Legacy HUD visibility smoke test completed: 0 failure(s); Forbidden output matched: SCRIPT ERROR; Forbidden output matched: Assertion failed
[RUN ] local-avoidance
[FAIL] local-avoidance: Exit code was 1; Expected marker was missing: Local avoidance smoke test completed: 0 failure(s); Forbidden output matched: Assertion failed
[RUN ] match-outcome
[FAIL] match-outcome: Forbidden output matched: SCRIPT ERROR
[RUN ] movement-recovery
[FAIL] movement-recovery: Forbidden output matched: SCRIPT ERROR
[RUN ] movement-scale
[FAIL] movement-scale: Forbidden output matched: SCRIPT ERROR
[RUN ] multi-unit-command
[PASS] multi-unit-command (5.4s)
[RUN ] navigation-stability
[FAIL] navigation-stability: Forbidden output matched: SCRIPT ERROR
[RUN ] net-infantry
[FAIL] net-infantry: Exit code was 1; Expected marker was missing: Net infantry smoke test completed: 0 failure(s); Forbidden output matched: Assertion failed
[RUN ] production-queue
[FAIL] production-queue: Forbidden output matched: SCRIPT ERROR; Forbidden output matched: RID allocations of type .* were leaked at exit; Forbidden output matched: ObjectDB instances were leaked at exit; Forbidden output matched: resources still in use at exit
[RUN ] projectile-lifecycle
[FAIL] projectile-lifecycle: Forbidden output matched: SCRIPT ERROR
[RUN ] rally-point
[FAIL] rally-point: Forbidden output matched: SCRIPT ERROR; Forbidden output matched: RID allocations of type .* were leaked at exit; Forbidden output matched: ObjectDB instances were leaked at exit; Forbidden output matched: resources still in use at exit
[RUN ] rule-ai-aggression
[FAIL] rule-ai-aggression: Forbidden output matched: SCRIPT ERROR
[RUN ] rule-ai-battlegroup
[FAIL] rule-ai-battlegroup: Forbidden output matched: SCRIPT ERROR; Forbidden output matched: ObjectDB instances were leaked at exit; Forbidden output matched: resources still in use at exit
[RUN ] rule-ai-defense
[FAIL] rule-ai-defense: Forbidden output matched: SCRIPT ERROR
[RUN ] rule-ai-economy-query
[FAIL] rule-ai-economy-query: Forbidden output matched: SCRIPT ERROR
[RUN ] rule-ai-expansion
[FAIL] rule-ai-expansion: Forbidden output matched: SCRIPT ERROR
[RUN ] rule-ai-intelligence
[FAIL] rule-ai-intelligence: Forbidden output matched: SCRIPT ERROR
[RUN ] rule-ai-offense-logistics
[FAIL] rule-ai-offense-logistics: Forbidden output matched: SCRIPT ERROR
[RUN ] runtime-placement
[PASS] runtime-placement (4.5s)
[RUN ] selection-portrait-panel
[FAIL] selection-portrait-panel: Forbidden output matched: SCRIPT ERROR; Forbidden output matched: RID allocations of type .* were leaked at exit; Forbidden output matched: ObjectDB instances were leaked at exit; Forbidden output matched: resources still in use at exit
[RUN ] structure-placement
[FAIL] structure-placement: Forbidden output matched: SCRIPT ERROR
[RUN ] tank-combat-policy
[FAIL] tank-combat-policy: Forbidden output matched: SCRIPT ERROR
[RUN ] tank-command-bridge
[FAIL] tank-command-bridge: Exit code was 1; Expected marker was missing: Tank command bridge smoke test completed: 0 failure(s); Forbidden output matched: SCRIPT ERROR; Forbidden output matched: Assertion failed
[RUN ] tank-entity-attack-move
[FAIL] tank-entity-attack-move: Forbidden output matched: SCRIPT ERROR
[RUN ] tank-force-attack
[FAIL] tank-force-attack: Timed out after 120 seconds; Expected marker was missing: Tank force attack smoke test completed: 0 failure(s); Forbidden output matched: SCRIPT ERROR; Forbidden output matched: Assertion failed
[RUN ] tank-ground-attack-move
[FAIL] tank-ground-attack-move: Forbidden output matched: SCRIPT ERROR
[RUN ] tank-move-fire
[FAIL] tank-move-fire: Forbidden output matched: SCRIPT ERROR
[RUN ] tank-ordinary-attack
[FAIL] tank-ordinary-attack: Exit code was 1; Expected marker was missing: Tank ordinary attack smoke test completed: 0 failure(s); Forbidden output matched: SCRIPT ERROR; Forbidden output matched: Assertion failed
[RUN ] tank-return-to-base
[FAIL] tank-return-to-base: Forbidden output matched: SCRIPT ERROR
[RUN ] tank-tactical-withdraw
[FAIL] tank-tactical-withdraw: Forbidden output matched: SCRIPT ERROR
[RUN ] traditional-command-hud
[PASS] traditional-command-hud (5.0s)
[RUN ] turret-aiming
[FAIL] turret-aiming: Forbidden output matched: SCRIPT ERROR
[RUN ] ui-sfx
[FAIL] ui-sfx: Forbidden output matched: SCRIPT ERROR; Forbidden output matched: RID allocations of type .* were leaked at exit; Forbidden output matched: ObjectDB instances were leaked at exit; Forbidden output matched: resources still in use at exit
[RUN ] worker-engagement-policy
[FAIL] worker-engagement-policy: Forbidden output matched: SCRIPT ERROR; Forbidden output matched: RID allocations of type .* were leaked at exit; Forbidden output matched: ObjectDB instances were leaked at exit; Forbidden output matched: resources still in use at exit
[RUN ] worker-gather
[FAIL] worker-gather: Forbidden output matched: SCRIPT ERROR; Forbidden output matched: RID allocations of type .* were leaked at exit; Forbidden output matched: ObjectDB instances were leaked at exit; Forbidden output matched: resources still in use at exit
[RUN ] world-query-runtime
[FAIL] world-query-runtime: Timed out after 120 seconds; Expected marker was missing: World query runtime smoke test completed: 0 failure(s); Forbidden output matched: SCRIPT ERROR
[RUN ] attack-range-indicator
[FAIL] attack-range-indicator: Forbidden output matched: SCRIPT ERROR; Forbidden output matched: RID allocations of type .* were leaked at exit; Forbidden output matched: ObjectDB instances were leaked at exit; Forbidden output matched: resources still in use at exit
[RUN ] apc-smoke
[FAIL] apc-smoke: Forbidden output matched: SCRIPT ERROR; Forbidden output matched: RID allocations of type .* were leaked at exit; Forbidden output matched: ObjectDB instances were leaked at exit; Forbidden output matched: resources still in use at exit
[RUN ] apc-stability
[FAIL] apc-stability: Forbidden output matched: SCRIPT ERROR; Forbidden output matched: RID allocations of type .* were leaked at exit; Forbidden output matched: ObjectDB instances were leaked at exit; Forbidden output matched: resources still in use at exit
[RUN ] machine-gun-turret
[FAIL] machine-gun-turret: Forbidden output matched: SCRIPT ERROR
[RUN ] new-units-lineup
[FAIL] new-units-lineup: Timed out after 90 seconds; Expected marker was missing: New units lineup test completed: 0 failure(s); Forbidden output matched: SCRIPT ERROR
[RUN ] presentation-sync
[FAIL] presentation-sync: Forbidden output matched: SCRIPT ERROR; Forbidden output matched: RID allocations of type .* were leaked at exit; Forbidden output matched: ObjectDB instances were leaked at exit; Forbidden output matched: resources still in use at exit
[RUN ] repair-sell-targeting
[FAIL] repair-sell-targeting: Forbidden output matched: SCRIPT ERROR; Forbidden output matched: RID allocations of type .* were leaked at exit; Forbidden output matched: ObjectDB instances were leaked at exit; Forbidden output matched: resources still in use at exit
[RUN ] structure-repair-sell
[FAIL] structure-repair-sell: Forbidden output matched: SCRIPT ERROR; Forbidden output matched: RID allocations of type .* were leaked at exit; Forbidden output matched: ObjectDB instances were leaked at exit; Forbidden output matched: resources still in use at exit
[RUN ] transport-truck
[FAIL] transport-truck: Forbidden output matched: SCRIPT ERROR; Forbidden output matched: RID allocations of type .* were leaked at exit; Forbidden output matched: ObjectDB instances were leaked at exit; Forbidden output matched: resources still in use at exit
[RUN ] unit-registration-consistency
[PASS] unit-registration-consistency (3.5s)
[RUN ] command-cursor
[PASS] command-cursor (3.6s)
[RUN ] net-structure-command-contract
[PASS] net-structure-command-contract (3.3s)
[RUN ] sniper-rocketeer
[FAIL] sniper-rocketeer: Forbidden output matched: SCRIPT ERROR
[RUN ] chinese-voice-mapping
[PASS] chinese-voice-mapping (3.3s)
[RUN ] performance-governor
[PASS] performance-governor (3.1s)
[RUN ] terrain-ground-collision
[PASS] terrain-ground-collision (3.2s)
[RUN ] match-history
[FAIL] match-history: Timed out after 180 seconds; Expected marker was missing: Match history smoke test completed: 0 failure(s); Forbidden output matched: SCRIPT ERROR; Forbidden output matched: Parse Error; Forbidden output matched: Failed to load script
[RUN ] match-history-hook
[PASS] match-history-hook (6.0s)
Regression summary: .test-results\full-regression\20260915-010754\summary.json
Full regression completed: 16 passed, 66 failed.
