[RUN ] core-engine-boundary-audit
[PASS] core-engine-boundary-audit (1.6s)
[RUN ] legacy-authority-audit
[FAIL] legacy-authority-audit: Exit code was 1; Expected marker was missing: Legacy GDScript authority audit passed:
Godot console: G:\AIRTS\godot_mono_471\Godot_v4.7.1-stable_mono_win64\Godot_v4.7.1-stable_mono_win64_console.exe
[RUN ] adjutant-command-protocol
[FAIL] adjutant-command-protocol: Exit code was 1; Expected marker was missing: Adjutant command protocol smoke test completed: 0 failure(s); Forbidden output matched: SCRIPT ERROR; Forbidden output matched: Assertion failed; Forbidden output matched: RID allocations of type .* were leaked at exit; Forbidden output matched: ObjectDB instances were leaked at exit; Forbidden output matched: resources still in use at exit
[RUN ] adjutant-credential
[PASS] adjutant-credential (3.9s)
[RUN ] adjutant-observation
[FAIL] adjutant-observation: Timed out after 90 seconds; Expected marker was missing: Adjutant observation smoke test completed: 0 failure(s); Forbidden output matched: Assertion failed
[RUN ] adjutant-rules-export
[FAIL] adjutant-rules-export: Exit code was 1; Expected marker was missing: Adjutant rules export smoke test completed: 0 failure(s); Forbidden output matched: Assertion failed; Forbidden output matched: RID allocations of type .* were leaked at exit; Forbidden output matched: ObjectDB instances were leaked at exit; Forbidden output matched: resources still in use at exit
[RUN ] air-entity-move
[FAIL] air-entity-move: Timed out after 90 seconds; Expected marker was missing: Air entity move smoke test completed: 0 failure(s); Forbidden output matched: SCRIPT ERROR
[RUN ] attack-simulation-time
[PASS] attack-simulation-time (7.4s)
[RUN ] background-music
[FAIL] background-music: Forbidden output matched: RID allocations of type .* were leaked at exit; Forbidden output matched: ObjectDB instances were leaked at exit; Forbidden output matched: resources still in use at exit
[RUN ] balance-config-runtime
[PASS] balance-config-runtime (4.9s)
[RUN ] battlefield-event-camera
[PASS] battlefield-event-camera (6.3s)
[RUN ] building-occlusion-fade
[PASS] building-occlusion-fade (5.9s)
[RUN ] combat-sfx
[FAIL] combat-sfx: Forbidden output matched: RID allocations of type .* were leaked at exit; Forbidden output matched: ObjectDB instances were leaked at exit; Forbidden output matched: resources still in use at exit
[RUN ] command-center-worker-production
[FAIL] command-center-worker-production: Forbidden output matched: SCRIPT ERROR; Forbidden output matched: Assertion failed; Forbidden output matched: RID allocations of type .* were leaked at exit; Forbidden output matched: ObjectDB instances were leaked at exit; Forbidden output matched: resources still in use at exit
[RUN ] control-groups
[PASS] control-groups (7.3s)
[RUN ] csharp-command
[PASS] csharp-command (4.2s)
[RUN ] death-cleanup
[PASS] death-cleanup (6.8s)
[RUN ] economy-account
[FAIL] economy-account: Timed out after 90 seconds; Expected marker was missing: Economy account smoke test completed: 0 failure(s); Forbidden output matched: SCRIPT ERROR
[RUN ] enemy-health-bar
[FAIL] enemy-health-bar: Forbidden output matched: RID allocations of type .* were leaked at exit; Forbidden output matched: ObjectDB instances were leaked at exit; Forbidden output matched: resources still in use at exit
[RUN ] entity-force-move
[PASS] entity-force-move (6.3s)
[RUN ] esc-return
[FAIL] esc-return: Forbidden output matched: RID allocations of type .* were leaked at exit; Forbidden output matched: ObjectDB instances were leaked at exit; Forbidden output matched: resources still in use at exit
[RUN ] force-attack-friendly
[FAIL] force-attack-friendly: Forbidden output matched: RID allocations of type .* were leaked at exit; Forbidden output matched: ObjectDB instances were leaked at exit; Forbidden output matched: resources still in use at exit
[RUN ] health-bar-flicker
[FAIL] health-bar-flicker: Forbidden output matched: RID allocations of type .* were leaked at exit; Forbidden output matched: ObjectDB instances were leaked at exit; Forbidden output matched: resources still in use at exit
[RUN ] helicopter-command
[PASS] helicopter-command (7.9s)
[RUN ] infantry-anim-clips
[PASS] infantry-anim-clips (4.6s)
[RUN ] infantry-anim-driver
[FAIL] infantry-anim-driver: Exit code was 1; Expected marker was missing: InfantryAnimDriverSmokeTest completed: 0 failure(s)
[RUN ] infantry-queue
[FAIL] infantry-queue: Expected marker was missing: Infantry queue smoke test completed: 0 failure(s); Forbidden output matched: RID allocations of type .* were leaked at exit; Forbidden output matched: ObjectDB instances were leaked at exit; Forbidden output matched: resources still in use at exit
[RUN ] keyboard-shortcuts
[FAIL] keyboard-shortcuts: Forbidden output matched: RID allocations of type .* were leaked at exit; Forbidden output matched: ObjectDB instances were leaked at exit; Forbidden output matched: resources still in use at exit
[RUN ] legacy-hud-visibility
[PASS] legacy-hud-visibility (7.8s)
[RUN ] local-avoidance
[FAIL] local-avoidance: Exit code was 1; Expected marker was missing: Local avoidance smoke test completed: 0 failure(s); Forbidden output matched: Assertion failed
[RUN ] match-outcome
[PASS] match-outcome (7.9s)
[RUN ] movement-recovery
[PASS] movement-recovery (45.5s)
[RUN ] movement-scale
[PASS] movement-scale (191.4s)
[RUN ] multi-unit-command
[PASS] multi-unit-command (7.1s)
[RUN ] navigation-stability
[PASS] navigation-stability (8.0s)
[RUN ] net-infantry
[FAIL] net-infantry: Exit code was 1; Expected marker was missing: Net infantry smoke test completed: 0 failure(s); Forbidden output matched: Assertion failed
[RUN ] production-queue
[FAIL] production-queue: Timed out after 120 seconds; Expected marker was missing: Production queue smoke test completed: 0 failure(s); Forbidden output matched: SCRIPT ERROR; Forbidden output matched: Assertion failed
[RUN ] projectile-lifecycle
[FAIL] projectile-lifecycle: Forbidden output matched: SCRIPT ERROR; Forbidden output matched: Parse Error; Forbidden output matched: Failed to load script; Forbidden output matched: RID allocations of type .* were leaked at exit
[RUN ] rally-point
[FAIL] rally-point: Forbidden output matched: SCRIPT ERROR; Forbidden output matched: Parse Error; Forbidden output matched: Failed to load script; Forbidden output matched: RID allocations of type .* were leaked at exit; Forbidden output matched: ObjectDB instances were leaked at exit; Forbidden output matched: resources still in use at exit
[RUN ] rule-ai-aggression
[FAIL] rule-ai-aggression: Forbidden output matched: SCRIPT ERROR; Forbidden output matched: Parse Error; Forbidden output matched: Failed to load script
[RUN ] rule-ai-battlegroup
[FAIL] rule-ai-battlegroup: Forbidden output matched: SCRIPT ERROR; Forbidden output matched: Parse Error; Forbidden output matched: Failed to load script; Forbidden output matched: ObjectDB instances were leaked at exit; Forbidden output matched: resources still in use at exit
[RUN ] rule-ai-defense
[FAIL] rule-ai-defense: Forbidden output matched: SCRIPT ERROR; Forbidden output matched: Parse Error; Forbidden output matched: Failed to load script
[RUN ] rule-ai-economy-query
[FAIL] rule-ai-economy-query: Forbidden output matched: SCRIPT ERROR; Forbidden output matched: Parse Error; Forbidden output matched: Failed to load script
[RUN ] rule-ai-expansion
[FAIL] rule-ai-expansion: Forbidden output matched: SCRIPT ERROR; Forbidden output matched: Parse Error; Forbidden output matched: Failed to load script
[RUN ] rule-ai-intelligence
[FAIL] rule-ai-intelligence: Forbidden output matched: SCRIPT ERROR; Forbidden output matched: Parse Error; Forbidden output matched: Failed to load script
[RUN ] rule-ai-offense-logistics
[FAIL] rule-ai-offense-logistics: Forbidden output matched: SCRIPT ERROR; Forbidden output matched: Parse Error; Forbidden output matched: Failed to load script
[RUN ] runtime-placement
[FAIL] runtime-placement: Forbidden output matched: SCRIPT ERROR; Forbidden output matched: Parse Error; Forbidden output matched: Failed to load script
[RUN ] selection-portrait-panel
[FAIL] selection-portrait-panel: Forbidden output matched: SCRIPT ERROR; Forbidden output matched: Parse Error; Forbidden output matched: Failed to load script; Forbidden output matched: RID allocations of type .* were leaked at exit; Forbidden output matched: ObjectDB instances were leaked at exit; Forbidden output matched: resources still in use at exit
[RUN ] structure-placement
[FAIL] structure-placement: Forbidden output matched: SCRIPT ERROR; Forbidden output matched: Parse Error; Forbidden output matched: Failed to load script
[RUN ] tank-combat-policy
[FAIL] tank-combat-policy: Forbidden output matched: SCRIPT ERROR; Forbidden output matched: Parse Error; Forbidden output matched: Failed to load script
[RUN ] tank-command-bridge
[FAIL] tank-command-bridge: Exit code was 1; Expected marker was missing: Tank command bridge smoke test completed: 0 failure(s); Forbidden output matched: SCRIPT ERROR; Forbidden output matched: Parse Error; Forbidden output matched: Failed to load script; Forbidden output matched: Assertion failed
[RUN ] tank-entity-attack-move
[FAIL] tank-entity-attack-move: Forbidden output matched: SCRIPT ERROR; Forbidden output matched: Parse Error; Forbidden output matched: Failed to load script
[RUN ] tank-force-attack
[FAIL] tank-force-attack: Timed out after 120 seconds; Expected marker was missing: Tank force attack smoke test completed: 0 failure(s); Forbidden output matched: SCRIPT ERROR; Forbidden output matched: Parse Error; Forbidden output matched: Failed to load script; Forbidden output matched: Assertion failed
[RUN ] tank-ground-attack-move
[PASS] tank-ground-attack-move (7.8s)
[RUN ] tank-move-fire
[PASS] tank-move-fire (9.2s)
[RUN ] tank-ordinary-attack
[FAIL] tank-ordinary-attack: Exit code was 1; Expected marker was missing: Tank ordinary attack smoke test completed: 0 failure(s); Forbidden output matched: Assertion failed
[RUN ] tank-return-to-base
[PASS] tank-return-to-base (6.4s)
[RUN ] tank-tactical-withdraw
[PASS] tank-tactical-withdraw (6.9s)
[RUN ] traditional-command-hud
[PASS] traditional-command-hud (6.8s)
[RUN ] turret-aiming
[PASS] turret-aiming (9.2s)
[RUN ] ui-sfx
[FAIL] ui-sfx: Forbidden output matched: RID allocations of type .* were leaked at exit; Forbidden output matched: ObjectDB instances were leaked at exit; Forbidden output matched: resources still in use at exit
[RUN ] worker-engagement-policy
[FAIL] worker-engagement-policy: Forbidden output matched: RID allocations of type .* were leaked at exit; Forbidden output matched: ObjectDB instances were leaked at exit; Forbidden output matched: resources still in use at exit
[RUN ] worker-gather
[FAIL] worker-gather: Exit code was 1; Expected marker was missing: Worker Gather smoke test completed: 0 failure(s); Forbidden output matched: Assertion failed; Forbidden output matched: RID allocations of type .* were leaked at exit; Forbidden output matched: ObjectDB instances were leaked at exit; Forbidden output matched: resources still in use at exit
[RUN ] world-query-runtime
[FAIL] world-query-runtime: Timed out after 120 seconds; Expected marker was missing: World query runtime smoke test completed: 0 failure(s); Forbidden output matched: SCRIPT ERROR
[RUN ] attack-range-indicator
[FAIL] attack-range-indicator: Forbidden output matched: SCRIPT ERROR; Forbidden output matched: Parse Error; Forbidden output matched: Failed to load script; Forbidden output matched: RID allocations of type .* were leaked at exit; Forbidden output matched: ObjectDB instances were leaked at exit; Forbidden output matched: resources still in use at exit
[RUN ] apc-smoke
[FAIL] apc-smoke: Forbidden output matched: SCRIPT ERROR; Forbidden output matched: Parse Error; Forbidden output matched: Failed to load script; Forbidden output matched: RID allocations of type .* were leaked at exit; Forbidden output matched: ObjectDB instances were leaked at exit; Forbidden output matched: resources still in use at exit
[RUN ] apc-stability
[FAIL] apc-stability: Forbidden output matched: SCRIPT ERROR; Forbidden output matched: Parse Error; Forbidden output matched: Failed to load script; Forbidden output matched: RID allocations of type .* were leaked at exit; Forbidden output matched: ObjectDB instances were leaked at exit; Forbidden output matched: resources still in use at exit
[RUN ] machine-gun-turret
[FAIL] machine-gun-turret: Forbidden output matched: SCRIPT ERROR; Forbidden output matched: Parse Error; Forbidden output matched: Failed to load script
[RUN ] new-units-lineup
[FAIL] new-units-lineup: Timed out after 90 seconds; Expected marker was missing: New units lineup test completed: 0 failure(s); Forbidden output matched: SCRIPT ERROR; Forbidden output matched: Parse Error; Forbidden output matched: Failed to load script
[RUN ] presentation-sync
[FAIL] presentation-sync: Forbidden output matched: SCRIPT ERROR; Forbidden output matched: Parse Error; Forbidden output matched: Failed to load script; Forbidden output matched: RID allocations of type .* were leaked at exit; Forbidden output matched: ObjectDB instances were leaked at exit; Forbidden output matched: resources still in use at exit
[RUN ] repair-sell-targeting
[FAIL] repair-sell-targeting: Forbidden output matched: SCRIPT ERROR; Forbidden output matched: Parse Error; Forbidden output matched: Failed to load script; Forbidden output matched: RID allocations of type .* were leaked at exit; Forbidden output matched: ObjectDB instances were leaked at exit; Forbidden output matched: resources still in use at exit
[RUN ] structure-repair-sell
[FAIL] structure-repair-sell: Forbidden output matched: SCRIPT ERROR; Forbidden output matched: Parse Error; Forbidden output matched: Failed to load script; Forbidden output matched: RID allocations of type .* were leaked at exit; Forbidden output matched: ObjectDB instances were leaked at exit; Forbidden output matched: resources still in use at exit
[RUN ] transport-truck
[FAIL] transport-truck: Forbidden output matched: SCRIPT ERROR; Forbidden output matched: Parse Error; Forbidden output matched: Failed to load script; Forbidden output matched: RID allocations of type .* were leaked at exit; Forbidden output matched: ObjectDB instances were leaked at exit; Forbidden output matched: resources still in use at exit
[RUN ] unit-registration-consistency
[PASS] unit-registration-consistency (4.9s)
[RUN ] command-cursor
[PASS] command-cursor (4.6s)
[RUN ] net-structure-command-contract
[PASS] net-structure-command-contract (4.4s)
[RUN ] sniper-rocketeer
[FAIL] sniper-rocketeer: Forbidden output matched: SCRIPT ERROR; Forbidden output matched: Parse Error; Forbidden output matched: Failed to load script
[RUN ] chinese-voice-mapping
[PASS] chinese-voice-mapping (4.4s)
[RUN ] performance-governor
[PASS] performance-governor (4.1s)
[RUN ] terrain-ground-collision
[PASS] terrain-ground-collision (4.6s)
[RUN ] match-history
[FAIL] match-history: Forbidden output matched: Parse Error
Regression summary: .test-results\full-regression\20260915-000212\summary.json
Full regression completed: 30 passed, 51 failed.
