Godot Engine v4.7.1.stable.mono.official.a13da4feb - https://godotengine.org

[   0% ] first_scan_filesystem | Started 项目初始化 (5 steps)
[   0% ] first_scan_filesystem | 正在扫描文件结构……
[  16% ] first_scan_filesystem | 正在加载全局类名……
[  33% ] first_scan_filesystem | 正在校验 GDExtension……
[  50% ] first_scan_filesystem | 正在创建自动加载脚本……
ERROR: Attempt to open script 'res://addons/godot_ai/runtime/game_helper.gd' resulted in error 'File not found'.
   at: load_source_code (modules/gdscript/gdscript.cpp:1139)
ERROR: Failed loading resource: res://addons/godot_ai/runtime/game_helper.gd.
   at: _load (core/io/resource_loader.cpp:317)
ERROR: Failed to create an autoload, can't load from UID or path: res://addons/godot_ai/runtime/game_helper.gd.
   at: _create_autoload (editor/settings/editor_autoload_settings.cpp:336)
[  66% ] first_scan_filesystem | 正在初始化插件……
WARNING: Addon 'res://addons/godot_ai/plugin.cfg' failed to load. No directory found. Removing from enabled plugins.
   at: set_addon_plugin_enabled (editor/editor_node.cpp:4464)
[  83% ] first_scan_filesystem | 正在启动文件扫描……
[ DONE ] first_scan_filesystem

[   0% ] _update_scan_actions | Started 正在扫描动作…… (2 steps)
[   0% ] _update_scan_actions | mcp_panel.csv
[  33% ] _update_scan_actions | SM_Bld_Corp_Barracks_01.fbx
[ DONE ] _update_scan_actions

[   0% ] loading_editor_layout | Started 正在加载编辑器 (5 steps)
[   0% ] loading_editor_layout | 正在加载编辑器布局……
[  16% ] loading_editor_layout | 正在加载停靠面板……
[  33% ] loading_editor_layout | 正在重新打开场景……
[  50% ] loading_editor_layout | 正在加载中央编辑器布局……
[  66% ] loading_editor_layout | 正在加载插件窗口布局……
[  83% ] loading_editor_layout | 编辑器布局就绪。
[ DONE ] loading_editor_layout

