Godot Engine v4.7.1.stable.mono.official.a13da4feb - https://godotengine.org
Vulkan 1.4.303 - Forward+ - Using Device #0: NVIDIA - NVIDIA GeForce RTX 3050 Laptop GPU

ERROR: Cannot save file 'user://options.tres'.
   at: save (scene/resources/resource_format_text.cpp:1768)
   GDScript backtrace (most recent call first):
       [0] _load_and_migrate_options (res://source/Globals.gd:41)
       [1] @implicit_new (res://source/Globals.gd:16)
WARNING: 无法保存迁移后的显示设置：Can't open
   at: push_warning (core/variant/variant_utility.cpp:1033)
   GDScript backtrace (most recent call first):
       [0] _load_and_migrate_options (res://source/Globals.gd:43)
       [1] @implicit_new (res://source/Globals.gd:16)
ERROR: Attempt to open script 'res://addons/godot_ai/runtime/game_helper.gd' resulted in error 'File not found'.
   at: load_source_code (modules/gdscript/gdscript.cpp:1139)
ERROR: Failed loading resource: res://addons/godot_ai/runtime/game_helper.gd.
   at: _load (core/io/resource_loader.cpp:317)
ERROR: Failed to instantiate an autoload, can't load from path: res://addons/godot_ai/runtime/game_helper.gd.
   at: start (main/main.cpp:4529)
[INPUT] UnitActionsController waiting for local player player=Human
[ECO] PublishSnapshot player=42a14f41 a=0
[ECO] PublishSnapshot player=bf6e4f60 a=0
[INPUT] UnitActionsController enabled player=Human
[ACT] Unit_2 puppet=false in_tree=true locked=false script=res://source/match/units/actions/CollectingResourcesSequentially.gd
[ACT] Unit_2 attached child=false
[GATHER] action _ready unit=Unit_2 resource=true
[GATHER] 进入 MOVING_TO_RESOURCE, resource=ResourceB2:<Area3D#180388629273>
[MOVE] Unit_2 move-> (36.39821, 0.0, 14.2606)
[ACT] Unit_2 已 add_child: in_tree=true
[ACT] Unit_3 puppet=false in_tree=true locked=false script=res://source/match/units/actions/CollectingResourcesSequentially.gd
[ACT] Unit_3 attached child=false
[GATHER] action _ready unit=Unit_3 resource=true
[GATHER] 进入 MOVING_TO_RESOURCE, resource=ResourceA5:<Area3D#179734317810>
[MOVE] Unit_3 move-> (41.66832, 0.0, 12.8185)
[ACT] Unit_3 已 add_child: in_tree=true
[MOVE] Unit_1 move-> (5.0, 0.0, 5.0)
[ECO] PublishSnapshot player=bf6e4f60 a=3000
[ECO] ApplyLegacy reason=ScriptedAdjustment player=bf6e4f60 status=Applied a=3000
[ECO] PublishSnapshot player=bf6e4f60 a=2800
[ECO] PublishSnapshot player=bf6e4f60 a=2600
[ECO] PublishSnapshot player=bf6e4f60 a=2400
[ECO] PublishSnapshot player=bf6e4f60 a=2200
[ECO] PublishSnapshot player=bf6e4f60 a=1600
[ECO] ApplyLegacy reason=ConstructionCost player=bf6e4f60 status=Applied a=1600
[GATHER] 到达资源点, 开始采集 unit=Unit_3
[COLLECT] Unit_3 tick adhere=true carried=0/0
FAIL: OffenseController 应只向完工工厂按稳定 Producer ID 加入 Tank
ERROR: OffenseController 应只向完工工厂按稳定 Producer ID 加入 Tank
   at: push_error (core/variant/variant_utility.cpp:1023)
   GDScript backtrace (most recent call first):
       [0] _check (res://tests/automated/RuleAiOffenseLogisticsSmokeTest.gd:166)
       [1] _ready (res://tests/automated/RuleAiOffenseLogisticsSmokeTest.gd:101)
[COLLECT] Unit_3 tick adhere=true carried=1/0
[GATHER] 到达资源点, 开始采集 unit=Unit_2
[COLLECT] Unit_3 tick adhere=true carried=2/0
[COLLECT] Unit_2 tick adhere=true carried=0/0
[COLLECT] Unit_3 tick adhere=true carried=3/0
[COLLECT] Unit_2 tick adhere=true carried=1/0
[COLLECT] Unit_3 tick adhere=true carried=4/0
[COLLECT] Unit_2 tick adhere=true carried=2/0
[COLLECT] Unit_3 tick adhere=true carried=5/0
[COLLECT] Unit_2 tick adhere=true carried=3/0
FAIL: 生产建筑损失后应由定时己方查询发现缺口并重新放置
ERROR: 生产建筑损失后应由定时己方查询发现缺口并重新放置
   at: push_error (core/variant/variant_utility.cpp:1023)
   GDScript backtrace (most recent call first):
       [0] _check (res://tests/automated/RuleAiOffenseLogisticsSmokeTest.gd:166)
       [1] _ready (res://tests/automated/RuleAiOffenseLogisticsSmokeTest.gd:124)
Rule AI offense logistics smoke test completed: 2 failure(s)
